src/__tests__/cryptoVault.test.ts(1,55): error TS6133: 'vi' is declared but its value is never read.
src/__tests__/cryptoVault.test.ts(11,1): error TS6133: 'hashSecret' is declared but its value is never read.
src/components/admin/AgentConfigTab.tsx(11,1): error TS6133: 'useStateContext' is declared but its value is never read.
src/components/admin/ComplianceGuardrailsTab.tsx(2,52): error TS6133: 'ToggleLeft' is declared but its value is never read.
src/components/admin/GlobalGuardrailsTab.tsx(2,119): error TS6133: 'ChevronLeft' is declared but its value is never read.
src/components/admin/GlobalGuardrailsTab.tsx(2,132): error TS6133: 'ChevronRight' is declared but its value is never read.
src/components/admin/LayersTab.tsx(113,40): error TS2345: Argument of type '{ name: string; coreLayer: string; status: "Draft" | "Active" | "Needs Review" | "Deprecated"; id?: number | undefined; contextLayer?: string | undefined; description?: string | undefined; abstractionLevels?: string | undefined; categoryId?: number | undefined; category?: string | undefined; }' is not assignable to parameter of type 'ArchitectureLayer'.
  Types of property 'contextLayer' are incompatible.
    Type 'string | undefined' is not assignable to type 'string'.
      Type 'undefined' is not assignable to type 'string'.
src/components/admin/ServiceDomainsTab.tsx(123,36): error TS2345: Argument of type '{ name: string; businessArea: string; businessDomain: string; controlRecord: string; functionalPattern: string; status: "Draft" | "Active" | "Needs Review" | "Deprecated"; id?: number | undefined; description?: string | undefined; }' is not assignable to parameter of type 'ServiceDomain'.
  Property 'frameworkTag' is missing in type '{ name: string; businessArea: string; businessDomain: string; controlRecord: string; functionalPattern: string; status: "Draft" | "Active" | "Needs Review" | "Deprecated"; id?: number | undefined; description?: string | undefined; }' but required in type 'ServiceDomain'.
src/components/admin/SystemTab.tsx(27,42): error TS6133: 'e' is declared but its value is never read.
src/components/admin/UserAccessTab.tsx(1,29): error TS6133: 'useCallback' is declared but its value is never read.
src/components/admin/UserAccessTab.tsx(5,10): error TS6133: 'registerLocalUser' is declared but its value is never read.
src/components/admin/UserAccessTab.tsx(117,9): error TS6133: 'initialRole' is declared but its value is never read.
src/components/admin/UserAccessTab.tsx(181,31): error TS2339: Property 'generateSalt' does not exist on type 'typeof import("F:/ea-niti-edge-agent/src/lib/authEngine")'.
src/lib/fileSystemPermissions.ts(17,37): error TS2339: Property 'queryPermission' does not exist on type 'FileSystemDirectoryHandle'.
src/lib/fileSystemPermissions.ts(36,37): error TS2339: Property 'requestPermission' does not exist on type 'FileSystemDirectoryHandle'.
src/lib/networkGuard.ts(59,36): error TS6133: 'octet3Str' is declared but its value is never read.
src/utils/importUtils.ts(10,10): error TS2503: Cannot find namespace 'Dexie'.
