src/lib/exportEngine.ts(44,9): error TS2349: This expression is not callable.
  Not all constituents of type 'typeof import("html2pdf.js") | Html2PdfStatic' are callable.
    Type 'typeof import("html2pdf.js")' has no call signatures.
